// Jest Snapshot v1, https://goo.gl/fbAQLP

exports[`Form Component should render the form and interact correctly 1`] = `
<form
  class="form"
  data-testid="form"
>
  <div
    class="form-row"
    data-testid="row"
  >
    <label
      data-testid="Latitude"
    >
      Latitude:
      <input
        name="rows.0.lat"
        step="1e-7"
        type="number"
      />
    </label>
    <label
      data-testid="Longitude"
    >
      Longitude:
      <input
        name="rows.0.long"
        step="1e-7"
        type="number"
      />
    </label>
    <label
      data-testid="Timezone"
    >
      Timezone:
      <div
        class=" css-b62m3t-container"
      >
        <span
          class="css-1f43avz-a11yText-A11yText"
          id="react-select-6-live-region"
        />
        <span
          aria-atomic="false"
          aria-live="polite"
          aria-relevant="additions text"
          class="css-1f43avz-a11yText-A11yText"
          role="log"
        />
        <div
          class=" css-er85fr-control"
        >
          <div
            class=" css-1fdsijx-ValueContainer"
          >
            <div
              class=" css-yn97rf-singleValue"
            >
              Europe/Berlin
            </div>
            <div
              class=" css-1ji2ryk-Input"
              data-value=""
            >
              <input
                aria-activedescendant=""
                aria-autocomplete="list"
                aria-expanded="false"
                aria-haspopup="true"
                autocapitalize="none"
                autocomplete="off"
                autocorrect="off"
                class=""
                id="react-select-6-input"
                role="combobox"
                spellcheck="false"
                style="opacity: 0; width: 100%; grid-area: 1 / 2; min-width: 2px; border: 0px; margin: 0px; outline: 0; padding: 0px;"
                tabindex="0"
                type="text"
                value=""
              />
            </div>
          </div>
          <div
            class=" css-1hb7zxy-IndicatorsContainer"
          >
            <span
              class=" css-1u9des2-indicatorSeparator"
            />
            <div
              aria-hidden="true"
              class=" css-yl5mvd-indicatorContainer"
            >
              <svg
                aria-hidden="true"
                class="css-tj5bde-Svg"
                focusable="false"
                height="20"
                viewBox="0 0 20 20"
                width="20"
              >
                <path
                  d="M4.516 7.548c0.436-0.446 1.043-0.481 1.576 0l3.908 3.747 3.908-3.747c0.533-0.481 1.141-0.446 1.574 0 0.436 0.445 0.408 1.197 0 1.615-0.406 0.418-4.695 4.502-4.695 4.502-0.217 0.223-0.502 0.335-0.787 0.335s-0.57-0.112-0.789-0.335c0 0-4.287-4.084-4.695-4.502s-0.436-1.17 0-1.615z"
                />
              </svg>
            </div>
          </div>
        </div>
        <input
          name="rows.0.timezone"
          type="hidden"
          value="Europe/Berlin"
        />
      </div>
    </label>
    <label>
      Date:
      <input
        max="2024-06-09"
        min="1940-01-01"
        name="rows.0.date"
        type="date"
        value="2024-06-01"
      />
    </label>
    <button
      class="normalButton"
      type="button"
    >
      Use my location
    </button>
    <button
      class="circleButton"
      data-testid="add-0"
      type="button"
    >
      +
    </button>
  </div>
  <button
    class="longButton"
    type="submit"
  >
    Submit
  </button>
</form>
`;
