// Jest Snapshot v1, https://goo.gl/fbAQLP

exports[`Main Page should render the main page 1`] = `
<div>
  <div
    class="body"
  >
    <header
      class="header"
    >
      <div
        class="header"
      >
        Weatherlystics
      </div>
    </header>
    <main
      class="main"
    >
      <section
        class="card"
      >
        <div>
          Loading...
        </div>
      </section>
      <section
        class="sectionTwo"
      >
        <div
          class="card"
        >
          <div>
            Loading...
          </div>
        </div>
      </section>
      <section
        class="sectionThree"
      />
    </main>
    <footer
      class="footer"
    >
      <div
        class="footer-content"
      >
        <p>
          © 2024 Weatherlystics
        </p>
      </div>
    </footer>
  </div>
</div>
`;
